// Jest Snapshot v1, https://goo.gl/fbAQLP

exports[`InputWithLabel renders a snapshot 1`] = `
<label
  class="sc-bcXHqe cNyZAq"
  for="search"
>
  Search:
</label>
`;
